// Jest Snapshot v1, https://goo.gl/fbAQLP

exports[`LayerGroup renders without a crash  1`] = `
<g
  dangerouslySetInnerHTML={
    Object {
      "__html": "<rect x=\\"0\\" y=\\"0\\" width=\\"100\\" height=\\"100\\" />",
    }
  }
  transform="translate(0,0) scale(1)"
/>
`;
